  ADDR B1 B2 B3 B4 D:\UNLaM\ARQUITECTURA DE COMPUTADORAS\FABIAN\    PAGE       1

                   * cantidad de ocurrencias de un valor en un vector de
.                  elementos de 8 bits
                   * se guarda la direccion de ocurrencia del primer valor del
.                  vector

                                   ORG     0000
                   valor           EQU     7               valor a buscar en el
.                  vector
                   dirIni          RMB     2               direccion de inicio
.                  del vector
                   dirFin          RMB     2               direccion de fin del
.                  vector
                   dirOCu          RMB     2               aca va la direccion
.                  de la primera ocurrencia
                   veces           RMB     1               variable que uso como
.                  contador

                                   ORG     $C000
  C000 7F 00 06                    CLR     veces           limpio el contador
  C003 CE 00 19                    LDX     #$0019          cargo en el indice X
.                  la direccion del ultimo elemento
  C006 A6 00       bucle           LDAA    0,x             cargo contenido de
.                  direccion del indice x en acumA
  C008 81 07                       CMPA    #valor          comparo acumA contra
.                  el valor buscado
  C00A 26 05                       BNE     noEs            si no son iguales,
.                  paso al proximo
  C00C 7C 00 06                    INC     veces           sino, son iguales->>
.                  cuento aparicion
  C00F DF 04                       STX     dirOcu          grabo la direccion de
.                  ocurrencia

  C011 09          noEs            DEX                     decremento el indice
.                  X -> voy al proximo
  C012 9C 00                       CPX     dirIni          comparo indice X
.                  contra direccion final
  C014 25 F0                       BLO     bucle           si < vuelvo a
.                  ejecutar el bucle
  C016 20 FE       fin             BRA     fin

  Symbol Table 

  NOES               C011
  DIRFIN             0002
  DIRINI             0000
  BUCLE              C006
  DIROCU             0004
  FIN                C016
  VECES              0006
  VALOR              0007
